return {
	["entityFiles"] = {
		[1] = "ninjagame-entities.lua",
	},
	["entities"] = {
		[1] = {
			["type"] = "levelbounds",
			["components"] = {
				[1] = {
					["id"] = "core",
					["hidden"] = false,
					["componentType"] = "Core",
					["name"] = "levelbounds",
					["locked"] = false,
				},
				[2] = {
					["keepAspect"] = true,
					["scale"] = {
						[1] = 1,
						[2] = 1,
					},
					["position"] = {
						[1] = 35.61617196044,
						[2] = -1218.8100680429,
					},
					["id"] = "transforms",
					["componentType"] = "Transforms",
					["offset"] = {
						[1] = 0,
						[2] = 0,
					},
					["rotation"] = 0,
				},
				[3] = {
					["points"] = {
						[1] = -2162.036049657,
						[2] = -1193.9932692266,
						[3] = 2162.036049657,
						[4] = -1193.9932692266,
						[5] = 2162.036049657,
						[6] = 1193.9932692266,
						[7] = -2162.036049657,
						[8] = 1193.9932692266,
					},
					["id"] = "polygon",
					["componentType"] = "SimplePolygon",
					["buildMesh"] = true,
					["renderWireframe"] = false,
					["imagePath"] = "",
					["renderWholeTexture"] = false,
					["textureTransforms"] = {
						["rotation"] = 0,
						["scale"] = {
							[1] = 1,
							[2] = 1,
						},
						["offset"] = {
							[1] = 0,
							[2] = 0,
						},
					},
					["color"] = {
						[1] = 40,
						[2] = 60,
						[3] = 130,
						[4] = 255,
					},
				},
			},
			["guid"] = 1,
		},
		[2] = {
			["type"] = "polygon",
			["components"] = {
				[1] = {
					["hidden"] = false,
					["id"] = "core",
					["componentType"] = "Core",
					["name"] = "polygon",
					["locked"] = false,
				},
				[2] = {
					["keepAspect"] = true,
					["scale"] = {
						[1] = 1,
						[2] = 1,
					},
					["position"] = {
						[1] = -1795.4637813014,
						[2] = -388.07038604389,
					},
					["id"] = "transforms",
					["componentType"] = "Transforms",
					["offset"] = {
						[1] = 0,
						[2] = 0,
					},
					["rotation"] = 0,
				},
				[3] = {
					["points"] = {
						[1] = -30.7404840478,
						[2] = -486.42295346205,
						[3] = 16.274373907665,
						[4] = -486.42295346205,
						[5] = 16.274373907665,
						[6] = 240.49908107975,
						[7] = -30.7404840478,
						[8] = 240.49908107975,
					},
					["id"] = "polygon",
					["componentType"] = "SimplePolygon",
					["buildMesh"] = true,
					["renderWireframe"] = false,
					["imagePath"] = "",
					["renderWholeTexture"] = false,
					["textureTransforms"] = {
						["rotation"] = 0,
						["scale"] = {
							[1] = 1,
							[2] = 1,
						},
						["offset"] = {
							[1] = 0,
							[2] = 0,
						},
					},
					["color"] = {
						[1] = 30,
						[2] = 30,
						[3] = 30,
						[4] = 255,
					},
				},
				[4] = {
					["label"] = "Solid",
					["value"] = false,
					["componentType"] = "MetadataBoolean",
					["id"] = "solid",
				},
				[5] = {
					["label"] = "Solid for Kunai",
					["value"] = false,
					["componentType"] = "MetadataBoolean",
					["id"] = "kunaiSolid",
				},
				[6] = {
					["label"] = "Transparent",
					["value"] = false,
					["componentType"] = "MetadataBoolean",
					["id"] = "transparent",
				},
				[7] = {
					["label"] = "Destructible",
					["value"] = false,
					["componentType"] = "MetadataBoolean",
					["id"] = "destructible",
				},
				[8] = {
					["label"] = "Openable",
					["value"] = false,
					["componentType"] = "MetadataBoolean",
					["id"] = "openable",
				},
			},
			["guid"] = 2,
		},
		[3] = {
			["type"] = "polygon",
			["components"] = {
				[1] = {
					["hidden"] = false,
					["id"] = "core",
					["componentType"] = "Core",
					["name"] = "polygon",
					["locked"] = false,
				},
				[2] = {
					["keepAspect"] = true,
					["scale"] = {
						[1] = 1,
						[2] = 1,
					},
					["position"] = {
						[1] = -1390.4126973776,
						[2] = -391.68691357892,
					},
					["id"] = "transforms",
					["componentType"] = "Transforms",
					["offset"] = {
						[1] = 0,
						[2] = 0,
					},
					["rotation"] = 0,
				},
				[3] = {
					["points"] = {
						[1] = -30.7404840478,
						[2] = -486.42295346205,
						[3] = 16.274373907665,
						[4] = -486.42295346205,
						[5] = 16.274373907665,
						[6] = 240.49908107975,
						[7] = -30.7404840478,
						[8] = 240.49908107975,
					},
					["id"] = "polygon",
					["componentType"] = "SimplePolygon",
					["buildMesh"] = true,
					["renderWireframe"] = false,
					["imagePath"] = "",
					["renderWholeTexture"] = false,
					["textureTransforms"] = {
						["rotation"] = 0,
						["scale"] = {
							[1] = 1,
							[2] = 1,
						},
						["offset"] = {
							[1] = 0,
							[2] = 0,
						},
					},
					["color"] = {
						[1] = 30,
						[2] = 30,
						[3] = 30,
						[4] = 255,
					},
				},
				[4] = {
					["label"] = "Solid",
					["value"] = false,
					["componentType"] = "MetadataBoolean",
					["id"] = "solid",
				},
				[5] = {
					["label"] = "Solid for Kunai",
					["value"] = false,
					["componentType"] = "MetadataBoolean",
					["id"] = "kunaiSolid",
				},
				[6] = {
					["label"] = "Transparent",
					["value"] = false,
					["componentType"] = "MetadataBoolean",
					["id"] = "transparent",
				},
				[7] = {
					["label"] = "Destructible",
					["value"] = false,
					["componentType"] = "MetadataBoolean",
					["id"] = "destructible",
				},
				[8] = {
					["label"] = "Openable",
					["value"] = false,
					["componentType"] = "MetadataBoolean",
					["id"] = "openable",
				},
			},
			["guid"] = 3,
		},
		[4] = {
			["type"] = "polygon",
			["components"] = {
				[1] = {
					["hidden"] = false,
					["id"] = "core",
					["componentType"] = "Core",
					["name"] = "polygon",
					["locked"] = false,
				},
				[2] = {
					["keepAspect"] = true,
					["scale"] = {
						[1] = 1,
						[2] = 1,
					},
					["position"] = {
						[1] = 170.82871976745,
						[2] = -935.33212046912,
					},
					["id"] = "transforms",
					["componentType"] = "Transforms",
					["offset"] = {
						[1] = 0,
						[2] = 0,
					},
					["rotation"] = 0,
				},
				[3] = {
					["points"] = {
						[1] = -893.75960943926,
						[2] = -742.85078053693,
						[3] = 908.79773446171,
						[4] = -740.18114876002,
						[5] = 916.80662979245,
						[6] = 794.28408479714,
						[7] = -904.43813654692,
						[8] = 796.95371657405,
					},
					["id"] = "polygon",
					["componentType"] = "SimplePolygon",
					["buildMesh"] = true,
					["renderWireframe"] = false,
					["imagePath"] = "",
					["renderWholeTexture"] = false,
					["textureTransforms"] = {
						["scale"] = {
							[1] = 1,
							[2] = 1,
						},
						["offset"] = {
							[1] = 0,
							[2] = 0,
						},
						["rotation"] = 0,
					},
					["color"] = {
						[1] = 30,
						[2] = 30,
						[3] = 30,
						[4] = 255,
					},
				},
				[4] = {
					["label"] = "Solid",
					["value"] = false,
					["componentType"] = "MetadataBoolean",
					["id"] = "solid",
				},
				[5] = {
					["label"] = "Solid for Kunai",
					["value"] = false,
					["componentType"] = "MetadataBoolean",
					["id"] = "kunaiSolid",
				},
				[6] = {
					["label"] = "Transparent",
					["value"] = false,
					["componentType"] = "MetadataBoolean",
					["id"] = "transparent",
				},
				[7] = {
					["label"] = "Destructible",
					["value"] = false,
					["componentType"] = "MetadataBoolean",
					["id"] = "destructible",
				},
				[8] = {
					["label"] = "Openable",
					["value"] = false,
					["componentType"] = "MetadataBoolean",
					["id"] = "openable",
				},
			},
			["guid"] = 4,
		},
		[5] = {
			["type"] = "polygon",
			["components"] = {
				[1] = {
					["hidden"] = false,
					["id"] = "core",
					["componentType"] = "Core",
					["name"] = "polygon",
					["locked"] = false,
				},
				[2] = {
					["keepAspect"] = true,
					["scale"] = {
						[1] = 1,
						[2] = 1,
					},
					["position"] = {
						[1] = -722.34467265848,
						[2] = -271.22800541491,
					},
					["id"] = "transforms",
					["componentType"] = "Transforms",
					["offset"] = {
						[1] = 0,
						[2] = 0,
					},
					["rotation"] = 0,
				},
				[3] = {
					["points"] = {
						[1] = -18.589627516525,
						[2] = -113.22773123704,
						[3] = 18.589627516525,
						[4] = -113.22773123704,
						[5] = 18.589627516525,
						[6] = 113.22773123704,
						[7] = -18.589627516525,
						[8] = 113.22773123704,
					},
					["id"] = "polygon",
					["componentType"] = "SimplePolygon",
					["buildMesh"] = true,
					["renderWireframe"] = false,
					["imagePath"] = "",
					["renderWholeTexture"] = false,
					["textureTransforms"] = {
						["offset"] = {
							[1] = 0,
							[2] = 0,
						},
						["rotation"] = 0,
						["scale"] = {
							[1] = 1,
							[2] = 1,
						},
					},
					["color"] = {
						[1] = 100,
						[2] = 40,
						[3] = 20,
						[4] = 255,
					},
				},
				[4] = {
					["label"] = "Solid",
					["value"] = true,
					["componentType"] = "MetadataBoolean",
					["id"] = "solid",
				},
				[5] = {
					["label"] = "Solid for Kunai",
					["value"] = true,
					["componentType"] = "MetadataBoolean",
					["id"] = "kunaiSolid",
				},
				[6] = {
					["label"] = "Transparent",
					["value"] = false,
					["componentType"] = "MetadataBoolean",
					["id"] = "transparent",
				},
				[7] = {
					["label"] = "Destructible",
					["value"] = true,
					["componentType"] = "MetadataBoolean",
					["id"] = "destructible",
				},
				[8] = {
					["label"] = "Openable",
					["value"] = true,
					["componentType"] = "MetadataBoolean",
					["id"] = "openable",
				},
			},
			["guid"] = 8,
		},
		[6] = {
			["type"] = "polygon",
			["components"] = {
				[1] = {
					["hidden"] = false,
					["id"] = "core",
					["componentType"] = "Core",
					["name"] = "polygon",
					["locked"] = false,
				},
				[2] = {
					["keepAspect"] = true,
					["scale"] = {
						[1] = 1,
						[2] = 1,
					},
					["position"] = {
						[1] = 64.335503589825,
						[2] = -84.282073101055,
					},
					["id"] = "transforms",
					["componentType"] = "Transforms",
					["offset"] = {
						[1] = 0,
						[2] = 0,
					},
					["rotation"] = 0,
				},
				[3] = {
					["points"] = {
						[1] = -2248.5759949073,
						[2] = -77.755342003225,
						[3] = 2246.7677311398,
						[4] = -77.755342003225,
						[5] = 2246.7677311398,
						[6] = 63.289231863092,
						[7] = -2248.5759949073,
						[8] = 63.289231863092,
					},
					["id"] = "polygon",
					["componentType"] = "SimplePolygon",
					["buildMesh"] = true,
					["renderWireframe"] = false,
					["imagePath"] = "",
					["renderWholeTexture"] = false,
					["textureTransforms"] = {
						["scale"] = {
							[1] = 1,
							[2] = 1,
						},
						["offset"] = {
							[1] = 0,
							[2] = 0,
						},
						["rotation"] = 0,
					},
					["color"] = {
						[1] = 0,
						[2] = 0,
						[3] = 0,
						[4] = 255,
					},
				},
				[4] = {
					["label"] = "Solid",
					["value"] = true,
					["componentType"] = "MetadataBoolean",
					["id"] = "solid",
				},
				[5] = {
					["label"] = "Solid for Kunai",
					["value"] = true,
					["componentType"] = "MetadataBoolean",
					["id"] = "kunaiSolid",
				},
				[6] = {
					["label"] = "Transparent",
					["value"] = false,
					["componentType"] = "MetadataBoolean",
					["id"] = "transparent",
				},
				[7] = {
					["label"] = "Destructible",
					["value"] = false,
					["componentType"] = "MetadataBoolean",
					["id"] = "destructible",
				},
				[8] = {
					["label"] = "Openable",
					["value"] = false,
					["componentType"] = "MetadataBoolean",
					["id"] = "openable",
				},
			},
			["guid"] = 5,
		},
		[7] = {
			["type"] = "polygon",
			["components"] = {
				[1] = {
					["hidden"] = false,
					["id"] = "core",
					["componentType"] = "Core",
					["name"] = "polygon",
					["locked"] = false,
				},
				[2] = {
					["keepAspect"] = true,
					["scale"] = {
						[1] = 1,
						[2] = 1,
					},
					["position"] = {
						[1] = -1577.4412498552,
						[2] = -904.91272998753,
					},
					["id"] = "transforms",
					["componentType"] = "Transforms",
					["offset"] = {
						[1] = 0,
						[2] = 0,
					},
					["rotation"] = 0,
				},
				[3] = {
					["points"] = {
						[1] = -444.4610942588,
						[2] = -47.319051860255,
						[3] = 444.4610942588,
						[4] = -47.319051860255,
						[5] = 339.68319371109,
						[6] = 47.319051860255,
						[7] = -349.82299053829,
						[8] = 47.319051860255,
					},
					["id"] = "polygon",
					["componentType"] = "SimplePolygon",
					["buildMesh"] = true,
					["renderWireframe"] = false,
					["imagePath"] = "",
					["renderWholeTexture"] = false,
					["textureTransforms"] = {
						["offset"] = {
							[1] = 0,
							[2] = 0,
						},
						["rotation"] = 0,
						["scale"] = {
							[1] = 1,
							[2] = 1,
						},
					},
					["color"] = {
						[1] = 0,
						[2] = 0,
						[3] = 0,
						[4] = 255,
					},
				},
				[4] = {
					["label"] = "Solid",
					["value"] = true,
					["componentType"] = "MetadataBoolean",
					["id"] = "solid",
				},
				[5] = {
					["label"] = "Solid for Kunai",
					["value"] = true,
					["componentType"] = "MetadataBoolean",
					["id"] = "kunaiSolid",
				},
				[6] = {
					["label"] = "Transparent",
					["value"] = false,
					["componentType"] = "MetadataBoolean",
					["id"] = "transparent",
				},
				[7] = {
					["label"] = "Destructible",
					["value"] = false,
					["componentType"] = "MetadataBoolean",
					["id"] = "destructible",
				},
				[8] = {
					["label"] = "Openable",
					["value"] = false,
					["componentType"] = "MetadataBoolean",
					["id"] = "openable",
				},
			},
			["guid"] = 6,
		},
		[8] = {
			["type"] = "polygon",
			["components"] = {
				[1] = {
					["hidden"] = false,
					["id"] = "core",
					["componentType"] = "Core",
					["name"] = "polygon",
					["locked"] = false,
				},
				[2] = {
					["keepAspect"] = true,
					["scale"] = {
						[1] = 1,
						[2] = 1,
					},
					["position"] = {
						[1] = -722.31838409488,
						[2] = -965.77779951435,
					},
					["id"] = "transforms",
					["componentType"] = "Transforms",
					["offset"] = {
						[1] = 0,
						[2] = 0,
					},
					["rotation"] = 0,
				},
				[3] = {
					["points"] = {
						[1] = -18.58962751653,
						[2] = -121.67756192639,
						[3] = 25.349492067995,
						[4] = -121.67756192639,
						[5] = 25.349492067995,
						[6] = 101.34539114478,
						[7] = -18.58962751653,
						[8] = 101.34539114478,
					},
					["id"] = "polygon",
					["componentType"] = "SimplePolygon",
					["buildMesh"] = true,
					["renderWireframe"] = false,
					["imagePath"] = "",
					["renderWholeTexture"] = false,
					["textureTransforms"] = {
						["scale"] = {
							[1] = 1,
							[2] = 1,
						},
						["offset"] = {
							[1] = 0,
							[2] = 0,
						},
						["rotation"] = 0,
					},
					["color"] = {
						[1] = 50,
						[2] = 70,
						[3] = 90,
						[4] = 255,
					},
				},
				[4] = {
					["label"] = "Solid",
					["value"] = true,
					["componentType"] = "MetadataBoolean",
					["id"] = "solid",
				},
				[5] = {
					["label"] = "Solid for Kunai",
					["value"] = true,
					["componentType"] = "MetadataBoolean",
					["id"] = "kunaiSolid",
				},
				[6] = {
					["label"] = "Transparent",
					["value"] = false,
					["componentType"] = "MetadataBoolean",
					["id"] = "transparent",
				},
				[7] = {
					["label"] = "Destructible",
					["value"] = true,
					["componentType"] = "MetadataBoolean",
					["id"] = "destructible",
				},
				[8] = {
					["label"] = "Openable",
					["value"] = false,
					["componentType"] = "MetadataBoolean",
					["id"] = "openable",
				},
			},
			["guid"] = 10,
		},
		[9] = {
			["type"] = "spawnzone",
			["components"] = {
				[1] = {
					["id"] = "core",
					["hidden"] = false,
					["componentType"] = "Core",
					["name"] = "spawnzone",
					["locked"] = false,
				},
				[2] = {
					["keepAspect"] = true,
					["scale"] = {
						[1] = 1,
						[2] = 1,
					},
					["position"] = {
						[1] = -1533.5021302708,
						[2] = -1264.875517353,
					},
					["id"] = "transforms",
					["componentType"] = "Transforms",
					["offset"] = {
						[1] = 0,
						[2] = 0,
					},
					["rotation"] = 0,
				},
				[3] = {
					["points"] = {
						[1] = -353.20292281405,
						[2] = -170.68657992447,
						[3] = 228.14542861195,
						[4] = -170.68657992447,
						[5] = 228.14542861195,
						[6] = 109.84779896128,
						[7] = -353.20292281405,
						[8] = 109.84779896128,
					},
					["id"] = "polygon",
					["componentType"] = "SimplePolygon",
					["buildMesh"] = true,
					["renderWireframe"] = false,
					["imagePath"] = "",
					["renderWholeTexture"] = false,
					["textureTransforms"] = {
						["offset"] = {
							[1] = 0,
							[2] = 0,
						},
						["rotation"] = 0,
						["scale"] = {
							[1] = 1,
							[2] = 1,
						},
					},
					["color"] = {
						[1] = 0,
						[2] = 255,
						[3] = 0,
						[4] = 100,
					},
				},
				[4] = {
					["label"] = "Defender?",
					["value"] = false,
					["componentType"] = "MetadataBoolean",
					["id"] = "team",
				},
			},
			["guid"] = 7,
		},
		[10] = {
			["type"] = "polygon",
			["components"] = {
				[1] = {
					["hidden"] = false,
					["id"] = "core",
					["componentType"] = "Core",
					["name"] = "polygon",
					["locked"] = false,
				},
				[2] = {
					["keepAspect"] = true,
					["scale"] = {
						[1] = 1,
						[2] = 1,
					},
					["position"] = {
						[1] = -745.977910025,
						[2] = -632.82818179107,
					},
					["id"] = "transforms",
					["componentType"] = "Transforms",
					["offset"] = {
						[1] = 0,
						[2] = 0,
					},
					["rotation"] = 0,
				},
				[3] = {
					["points"] = {
						[1] = -15.209695240799,
						[2] = -234.90529316341,
						[3] = 59.148814825322,
						[4] = -234.90529316341,
						[5] = 59.148814825322,
						[6] = 251.80495454209,
						[7] = -15.209695240799,
						[8] = 251.80495454209,
					},
					["id"] = "polygon",
					["componentType"] = "SimplePolygon",
					["buildMesh"] = true,
					["renderWireframe"] = false,
					["imagePath"] = "",
					["renderWholeTexture"] = false,
					["textureTransforms"] = {
						["rotation"] = 0,
						["scale"] = {
							[1] = 1,
							[2] = 1,
						},
						["offset"] = {
							[1] = 0,
							[2] = 0,
						},
					},
					["color"] = {
						[1] = 0,
						[2] = 0,
						[3] = 0,
						[4] = 255,
					},
				},
				[4] = {
					["label"] = "Solid",
					["value"] = true,
					["componentType"] = "MetadataBoolean",
					["id"] = "solid",
				},
				[5] = {
					["label"] = "Solid for Kunai",
					["value"] = true,
					["componentType"] = "MetadataBoolean",
					["id"] = "kunaiSolid",
				},
				[6] = {
					["label"] = "Transparent",
					["value"] = false,
					["componentType"] = "MetadataBoolean",
					["id"] = "transparent",
				},
				[7] = {
					["label"] = "Destructible",
					["value"] = false,
					["componentType"] = "MetadataBoolean",
					["id"] = "destructible",
				},
				[8] = {
					["label"] = "Openable",
					["value"] = false,
					["componentType"] = "MetadataBoolean",
					["id"] = "openable",
				},
			},
			["guid"] = 9,
		},
		[11] = {
			["type"] = "polygon",
			["components"] = {
				[1] = {
					["hidden"] = false,
					["id"] = "core",
					["componentType"] = "Core",
					["name"] = "polygon",
					["locked"] = false,
				},
				[2] = {
					["keepAspect"] = true,
					["scale"] = {
						[1] = 1,
						[2] = 1,
					},
					["position"] = {
						[1] = -696.96889202688,
						[2] = -1398.3828422445,
					},
					["id"] = "transforms",
					["componentType"] = "Transforms",
					["offset"] = {
						[1] = 0,
						[2] = 0,
					},
					["rotation"] = 0,
				},
				[3] = {
					["points"] = {
						[1] = -57.458848687452,
						[2] = -310.95376936735,
						[3] = 13.519729102929,
						[4] = -310.95376936735,
						[5] = 13.519729102929,
						[6] = 314.33370164308,
						[7] = -57.458848687452,
						[8] = 314.33370164308,
					},
					["id"] = "polygon",
					["componentType"] = "SimplePolygon",
					["buildMesh"] = true,
					["renderWireframe"] = false,
					["imagePath"] = "",
					["renderWholeTexture"] = false,
					["textureTransforms"] = {
						["offset"] = {
							[1] = 0,
							[2] = 0,
						},
						["rotation"] = 0,
						["scale"] = {
							[1] = 1,
							[2] = 1,
						},
					},
					["color"] = {
						[1] = 0,
						[2] = 0,
						[3] = 0,
						[4] = 255,
					},
				},
				[4] = {
					["label"] = "Solid",
					["value"] = true,
					["componentType"] = "MetadataBoolean",
					["id"] = "solid",
				},
				[5] = {
					["label"] = "Solid for Kunai",
					["value"] = true,
					["componentType"] = "MetadataBoolean",
					["id"] = "kunaiSolid",
				},
				[6] = {
					["label"] = "Transparent",
					["value"] = false,
					["componentType"] = "MetadataBoolean",
					["id"] = "transparent",
				},
				[7] = {
					["label"] = "Destructible",
					["value"] = false,
					["componentType"] = "MetadataBoolean",
					["id"] = "destructible",
				},
				[8] = {
					["label"] = "Openable",
					["value"] = false,
					["componentType"] = "MetadataBoolean",
					["id"] = "openable",
				},
			},
			["guid"] = 11,
		},
		[12] = {
			["type"] = "polygon",
			["components"] = {
				[1] = {
					["id"] = "core",
					["hidden"] = false,
					["componentType"] = "Core",
					["name"] = "polygon",
					["locked"] = false,
				},
				[2] = {
					["keepAspect"] = true,
					["scale"] = {
						[1] = 1,
						[2] = 1,
					},
					["position"] = {
						[1] = 142.94427849266,
						[2] = -1673.8473227167,
					},
					["id"] = "transforms",
					["componentType"] = "Transforms",
					["offset"] = {
						[1] = 0,
						[2] = 0,
					},
					["rotation"] = 0,
				},
				[3] = {
					["points"] = {
						[1] = -895.22027350541,
						[2] = -42.249153446665,
						[3] = 958.21080017017,
						[4] = -42.249153446665,
						[5] = 958.21080017017,
						[6] = 35.4892888952,
						[7] = -895.22027350541,
						[8] = 35.4892888952,
					},
					["id"] = "polygon",
					["componentType"] = "SimplePolygon",
					["buildMesh"] = true,
					["renderWireframe"] = false,
					["imagePath"] = "",
					["renderWholeTexture"] = false,
					["textureTransforms"] = {
						["rotation"] = 0,
						["scale"] = {
							[1] = 1,
							[2] = 1,
						},
						["offset"] = {
							[1] = 0,
							[2] = 0,
						},
					},
					["color"] = {
						[1] = 0,
						[2] = 0,
						[3] = 0,
						[4] = 255,
					},
				},
				[4] = {
					["label"] = "Solid",
					["value"] = true,
					["componentType"] = "MetadataBoolean",
					["id"] = "solid",
				},
				[5] = {
					["label"] = "Solid for Kunai",
					["value"] = true,
					["componentType"] = "MetadataBoolean",
					["id"] = "kunaiSolid",
				},
				[6] = {
					["label"] = "Transparent",
					["value"] = false,
					["componentType"] = "MetadataBoolean",
					["id"] = "transparent",
				},
				[7] = {
					["label"] = "Destructible",
					["value"] = false,
					["componentType"] = "MetadataBoolean",
					["id"] = "destructible",
				},
				[8] = {
					["label"] = "Openable",
					["value"] = false,
					["componentType"] = "MetadataBoolean",
					["id"] = "openable",
				},
			},
			["guid"] = 12,
		},
		[13] = {
			["type"] = "polygon",
			["components"] = {
				[1] = {
					["id"] = "core",
					["hidden"] = false,
					["componentType"] = "Core",
					["name"] = "polygon",
					["locked"] = false,
				},
				[2] = {
					["keepAspect"] = true,
					["scale"] = {
						[1] = 1,
						[2] = 1,
					},
					["position"] = {
						[1] = 1070.7356881813,
						[2] = -945.47191729631,
					},
					["id"] = "transforms",
					["componentType"] = "Transforms",
					["offset"] = {
						[1] = 0,
						[2] = 0,
					},
					["rotation"] = 0,
				},
				[3] = {
					["points"] = {
						[1] = -40.559187308815,
						[2] = -770.62455886699,
						[3] = 33.79932275735,
						[4] = -770.62455886699,
						[5] = 33.79932275735,
						[6] = 811.18374617579,
						[7] = -40.559187308815,
						[8] = 811.18374617579,
					},
					["id"] = "polygon",
					["componentType"] = "SimplePolygon",
					["buildMesh"] = true,
					["renderWireframe"] = false,
					["imagePath"] = "",
					["renderWholeTexture"] = false,
					["textureTransforms"] = {
						["rotation"] = 0,
						["scale"] = {
							[1] = 1,
							[2] = 1,
						},
						["offset"] = {
							[1] = 0,
							[2] = 0,
						},
					},
					["color"] = {
						[1] = 0,
						[2] = 0,
						[3] = 0,
						[4] = 255,
					},
				},
				[4] = {
					["label"] = "Solid",
					["value"] = true,
					["componentType"] = "MetadataBoolean",
					["id"] = "solid",
				},
				[5] = {
					["label"] = "Solid for Kunai",
					["value"] = true,
					["componentType"] = "MetadataBoolean",
					["id"] = "kunaiSolid",
				},
				[6] = {
					["label"] = "Transparent",
					["value"] = false,
					["componentType"] = "MetadataBoolean",
					["id"] = "transparent",
				},
				[7] = {
					["label"] = "Destructible",
					["value"] = false,
					["componentType"] = "MetadataBoolean",
					["id"] = "destructible",
				},
				[8] = {
					["label"] = "Openable",
					["value"] = false,
					["componentType"] = "MetadataBoolean",
					["id"] = "openable",
				},
			},
			["guid"] = 13,
		},
		[14] = {
			["type"] = "polygon",
			["components"] = {
				[1] = {
					["hidden"] = false,
					["id"] = "core",
					["componentType"] = "Core",
					["name"] = "polygon",
					["locked"] = false,
				},
				[2] = {
					["keepAspect"] = true,
					["scale"] = {
						[1] = 1,
						[2] = 1,
					},
					["position"] = {
						[1] = -112.24060832515,
						[2] = -840.69401674862,
					},
					["id"] = "transforms",
					["componentType"] = "Transforms",
					["offset"] = {
						[1] = 0,
						[2] = 0,
					},
					["rotation"] = 0,
				},
				[3] = {
					["points"] = {
						[1] = -625.28747101052,
						[2] = -27.03945820586,
						[3] = 625.28747101052,
						[4] = -27.03945820586,
						[5] = 625.28747101052,
						[6] = 27.03945820586,
						[7] = -625.28747101052,
						[8] = 27.03945820586,
					},
					["id"] = "polygon",
					["componentType"] = "SimplePolygon",
					["buildMesh"] = true,
					["renderWireframe"] = false,
					["imagePath"] = "",
					["renderWholeTexture"] = false,
					["textureTransforms"] = {
						["rotation"] = 0,
						["scale"] = {
							[1] = 1,
							[2] = 1,
						},
						["offset"] = {
							[1] = 0,
							[2] = 0,
						},
					},
					["color"] = {
						[1] = 0,
						[2] = 0,
						[3] = 0,
						[4] = 255,
					},
				},
				[4] = {
					["label"] = "Solid",
					["value"] = true,
					["componentType"] = "MetadataBoolean",
					["id"] = "solid",
				},
				[5] = {
					["label"] = "Solid for Kunai",
					["value"] = true,
					["componentType"] = "MetadataBoolean",
					["id"] = "kunaiSolid",
				},
				[6] = {
					["label"] = "Transparent",
					["value"] = false,
					["componentType"] = "MetadataBoolean",
					["id"] = "transparent",
				},
				[7] = {
					["label"] = "Destructible",
					["value"] = false,
					["componentType"] = "MetadataBoolean",
					["id"] = "destructible",
				},
				[8] = {
					["label"] = "Openable",
					["value"] = false,
					["componentType"] = "MetadataBoolean",
					["id"] = "openable",
				},
			},
			["guid"] = 14,
		},
		[15] = {
			["type"] = "spawnzone",
			["components"] = {
				[1] = {
					["hidden"] = false,
					["id"] = "core",
					["componentType"] = "Core",
					["name"] = "spawnzone",
					["locked"] = false,
				},
				[2] = {
					["keepAspect"] = true,
					["scale"] = {
						[1] = 1,
						[2] = 1,
					},
					["position"] = {
						[1] = 131.11451552759,
						[2] = -397.92288862765,
					},
					["id"] = "transforms",
					["componentType"] = "Transforms",
					["offset"] = {
						[1] = 0,
						[2] = 0,
					},
					["rotation"] = 0,
				},
				[3] = {
					["points"] = {
						[1] = -260.25478523141,
						[2] = -84.49830689331,
						[3] = 260.2547852314,
						[4] = -84.49830689331,
						[5] = 260.2547852314,
						[6] = 84.49830689331,
						[7] = -260.25478523141,
						[8] = 84.49830689331,
					},
					["id"] = "polygon",
					["componentType"] = "SimplePolygon",
					["buildMesh"] = true,
					["renderWireframe"] = false,
					["imagePath"] = "",
					["renderWholeTexture"] = false,
					["textureTransforms"] = {
						["offset"] = {
							[1] = 0,
							[2] = 0,
						},
						["rotation"] = 0,
						["scale"] = {
							[1] = 1,
							[2] = 1,
						},
					},
					["color"] = {
						[1] = 0,
						[2] = 255,
						[3] = 0,
						[4] = 100,
					},
				},
				[4] = {
					["label"] = "Defender?",
					["value"] = true,
					["componentType"] = "MetadataBoolean",
					["id"] = "team",
				},
			},
			["guid"] = 15,
		},
		[16] = {
			["type"] = "objective_steal",
			["components"] = {
				[1] = {
					["id"] = "core",
					["hidden"] = false,
					["componentType"] = "Core",
					["name"] = "objective_steal",
					["locked"] = false,
				},
				[2] = {
					["keepAspect"] = true,
					["scale"] = {
						[1] = 0.47058360885356,
						[2] = 0.47058360885356,
					},
					["position"] = {
						[1] = 696.77389377453,
						[2] = -397.77513476016,
					},
					["id"] = "transforms",
					["componentType"] = "Transforms",
					["offset"] = {
						[1] = 0,
						[2] = 0,
					},
					["rotation"] = 0,
				},
				[3] = {
					["imagePath"] = "../images/steal_objective.png",
					["color"] = {
						[1] = 255,
						[2] = 255,
						[3] = 255,
						[4] = 255,
					},
					["componentType"] = "Sprite",
					["id"] = "sprite",
				},
			},
			["guid"] = 16,
		},
	},
	["componentStatics"] = {
		["Sprite"] = {
		},
		["Transforms"] = {
			["showCenterMarkers"] = true,
		},
		["MetadataString"] = {
		},
		["Core"] = {
			["gridSpacing"] = 200,
			["showGrid"] = true,
			["backgroundColor"] = {
				[1] = 0,
				[2] = 0,
				[3] = 0,
				[4] = 255,
			},
			["showEntityBorders"] = true,
			["showMouseWorldPosition"] = false,
			["showNames"] = true,
			["showDetails"] = true,
		},
		["SimplePolygon"] = {
		},
		["MetadataNumber"] = {
		},
		["MetadataBoolean"] = {
		},
		["BorderedFannedPolygon"] = {
		},
	},
}
